#
# There is insufficient memory for the Java Runtime Environment to continue.
# Native memory allocation (malloc) failed to allocate 1776496 bytes. Error detail: Chunk::new
# Possible reasons:
#   The system is out of physical RAM or swap space
#   This process is running with CompressedOops enabled, and the Java Heap may be blocking the growth of the native heap
# Possible solutions:
#   Reduce memory load on the system
#   Increase physical memory or swap space
#   Check if swap backing store is full
#   Decrease Java heap size (-Xmx/-Xms)
#   Decrease number of Java threads
#   Decrease Java thread stack sizes (-Xss)
#   Set larger code cache with -XX:ReservedCodeCacheSize=
#   JVM is running with Unscaled Compressed Oops mode in which the Java heap is
#     placed in the first 4GB address space. The Java Heap base address is the
#     maximum limit for the native heap growth. Please use -XX:HeapBaseMinAddress
#     to set the Java Heap base and to place the Java Heap above 4GB virtual address.
# This output file may be truncated or incomplete.
#
#  Out of Memory Error (arena.cpp:168), pid=12980, tid=20212
#
# JRE version: OpenJDK Runtime Environment Temurin-21.0.10+7 (21.0.10+7) (build 21.0.10+7-LTS)
# Java VM: OpenJDK 64-Bit Server VM Temurin-21.0.10+7 (21.0.10+7-LTS, mixed mode, sharing, tiered, compressed oops, compressed class ptrs, parallel gc, windows-amd64)
# No core dump will be written. Minidumps are not enabled by default on client versions of Windows
#

---------------  S U M M A R Y ------------

Command Line: --add-modules=ALL-SYSTEM --add-opens=java.base/java.util=ALL-UNNAMED --add-opens=java.base/java.lang=ALL-UNNAMED --add-opens=java.base/sun.nio.fs=ALL-UNNAMED -Declipse.application=org.eclipse.jdt.ls.core.id1 -Dosgi.bundles.defaultStartLevel=4 -Declipse.product=org.eclipse.jdt.ls.core.product -Djava.import.generatesMetadataFilesAtProjectRoot=false -DDetectVMInstallationsJob.disabled=true -Dfile.encoding=utf8 -XX:+UseParallelGC -XX:GCTimeRatio=4 -XX:AdaptiveSizePolicyWeight=90 -Dsun.zip.disableMemoryMapping=true -Xmx2G -Xms100m -Xlog:disable -javaagent:c:\Users\phorn\.antigravity\extensions\redhat.java-1.54.0-win32-x64\lombok\lombok-1.18.39-4050.jar -XX:+HeapDumpOnOutOfMemoryError -XX:HeapDumpPath=c:\Users\phorn\AppData\Roaming\Antigravity\User\workspaceStorage\82b5203c98c2ab011bc66b0743aa71dd\redhat.java -Daether.dependencyCollector.impl=bf c:\Users\phorn\.antigravity\extensions\redhat.java-1.54.0-win32-x64\server\plugins\org.eclipse.equinox.launcher_1.7.100.v20251111-0406.jar -configuration c:\Users\phorn\AppData\Roaming\Antigravity\User\globalStorage\redhat.java\1.54.0\config_win -data c:\Users\phorn\AppData\Roaming\Antigravity\User\workspaceStorage\82b5203c98c2ab011bc66b0743aa71dd\redhat.java\jdt_ws --pipe=\\.\pipe\lsp-92e7181681d0d9e7dfc5a341a5580c2d-sock

Host: Intel(R) Core(TM) i5-8265U CPU @ 1.60GHz, 8 cores, 7G,  Windows 11 , 64 bit Build 26100 (10.0.26100.8246)
Time: Mon May 11 23:21:32 2026 SE Asia Standard Time elapsed time: 35.512266 seconds (0d 0h 0m 35s)

---------------  T H R E A D  ---------------

Current thread (0x000001c33aad7230):  JavaThread "C2 CompilerThread0" daemon [_thread_in_native, id=20212, stack(0x000000541a800000,0x000000541a900000) (1024K)]


Current CompileTask:
C2:35559 8057 %     4       org.lombokweb.asm.ClassReader::readCode @ 92 (5117 bytes)

Stack: [0x000000541a800000,0x000000541a900000]
Native frames: (J=compiled Java code, j=interpreted, Vv=VM code, C=native code)
V  [jvm.dll+0x6d7a39]
V  [jvm.dll+0x8b4b26]
V  [jvm.dll+0x8b70de]
V  [jvm.dll+0x8b77c3]
V  [jvm.dll+0x284346]
V  [jvm.dll+0xc66ed]
V  [jvm.dll+0xc6c31]
V  [jvm.dll+0x3bec01]
V  [jvm.dll+0x1e3f69]
V  [jvm.dll+0x24c6b3]
V  [jvm.dll+0x24bb40]
V  [jvm.dll+0x1cb34e]
V  [jvm.dll+0x25b85d]
V  [jvm.dll+0x259dea]
V  [jvm.dll+0x3f857e]
V  [jvm.dll+0x85f59d]
V  [jvm.dll+0x6d626d]
C  [ucrtbase.dll+0x37b0]
C  [KERNEL32.DLL+0x2e8d7]
C  [ntdll.dll+0x8c3fc]


---------------  P R O C E S S  ---------------

Threads class SMR info:
_java_thread_list=0x000001c39b493110, length=45, elements={
0x000001c33ab4a620, 0x000001c33ac0dca0, 0x000001c33aac7970, 0x000001c33aac8960,
0x000001c33aacbdc0, 0x000001c33aacd470, 0x000001c33aad18b0, 0x000001c33aad7230,
0x000001c33aafd820, 0x000001c398239bb0, 0x000001c398348fc0, 0x000001c3989cf420,
0x000001c3987bf7a0, 0x000001c398d9c5c0, 0x000001c398d9cc30, 0x000001c3992822c0,
0x000001c39834fbf0, 0x000001c3985d41e0, 0x000001c398103120, 0x000001c398101050,
0x000001c398100330, 0x000001c3981037b0, 0x000001c3981016e0, 0x000001c398102400,
0x000001c398102a90, 0x000001c39bcdf5a0, 0x000001c39bcde1f0, 0x000001c39bcdfc30,
0x000001c39bcde880, 0x000001c39bce02c0, 0x000001c39bce0950, 0x000001c39bcddb60,
0x000001c39bcdef10, 0x000001c39bce4460, 0x000001c39bce2a20, 0x000001c39bce3740,
0x000001c39bce3dd0, 0x000001c39bce5180, 0x000001c39bce1d00, 0x000001c39bce2390,
0x000001c39bce30b0, 0x000001c39a3d8f50, 0x000001c39a3dbd40, 0x000001c39a3d88c0,
0x000001c39bd0e6b0
}

Java Threads: ( => current thread )
  0x000001c33ab4a620 JavaThread "main"                              [_thread_blocked, id=22396, stack(0x0000005419e00000,0x0000005419f00000) (1024K)]
  0x000001c33ac0dca0 JavaThread "Reference Handler"          daemon [_thread_blocked, id=7024, stack(0x000000541a200000,0x000000541a300000) (1024K)]
  0x000001c33aac7970 JavaThread "Finalizer"                  daemon [_thread_blocked, id=4028, stack(0x000000541a300000,0x000000541a400000) (1024K)]
  0x000001c33aac8960 JavaThread "Signal Dispatcher"          daemon [_thread_blocked, id=9000, stack(0x000000541a400000,0x000000541a500000) (1024K)]
  0x000001c33aacbdc0 JavaThread "Attach Listener"            daemon [_thread_blocked, id=21832, stack(0x000000541a500000,0x000000541a600000) (1024K)]
  0x000001c33aacd470 JavaThread "Service Thread"             daemon [_thread_blocked, id=13600, stack(0x000000541a600000,0x000000541a700000) (1024K)]
  0x000001c33aad18b0 JavaThread "Monitor Deflation Thread"   daemon [_thread_blocked, id=20708, stack(0x000000541a700000,0x000000541a800000) (1024K)]
=>0x000001c33aad7230 JavaThread "C2 CompilerThread0"         daemon [_thread_in_native, id=20212, stack(0x000000541a800000,0x000000541a900000) (1024K)]
  0x000001c33aafd820 JavaThread "C1 CompilerThread0"         daemon [_thread_blocked, id=21248, stack(0x000000541a900000,0x000000541aa00000) (1024K)]
  0x000001c398239bb0 JavaThread "Common-Cleaner"             daemon [_thread_blocked, id=12996, stack(0x000000541aa00000,0x000000541ab00000) (1024K)]
  0x000001c398348fc0 JavaThread "Notification Thread"        daemon [_thread_blocked, id=5160, stack(0x000000541ab00000,0x000000541ac00000) (1024K)]
  0x000001c3989cf420 JavaThread "Active Thread: Equinox Container: c05bccdf-6e07-4323-bebf-69ea8d155e59"        [_thread_blocked, id=3964, stack(0x000000541b400000,0x000000541b500000) (1024K)]
  0x000001c3987bf7a0 JavaThread "Refresh Thread: Equinox Container: c05bccdf-6e07-4323-bebf-69ea8d155e59" daemon [_thread_blocked, id=20276, stack(0x000000541ac00000,0x000000541ad00000) (1024K)]
  0x000001c398d9c5c0 JavaThread "Framework Event Dispatcher: Equinox Container: c05bccdf-6e07-4323-bebf-69ea8d155e59" daemon [_thread_blocked, id=20516, stack(0x000000541b500000,0x000000541b600000) (1024K)]
  0x000001c398d9cc30 JavaThread "Start Level: Equinox Container: c05bccdf-6e07-4323-bebf-69ea8d155e59" daemon [_thread_blocked, id=21768, stack(0x000000541b600000,0x000000541b700000) (1024K)]
  0x000001c3992822c0 JavaThread "Bundle File Closer"         daemon [_thread_blocked, id=23356, stack(0x000000541b800000,0x000000541b900000) (1024K)]
  0x000001c39834fbf0 JavaThread "SCR Component Actor"        daemon [_thread_blocked, id=8648, stack(0x000000541b700000,0x000000541b800000) (1024K)]
  0x000001c3985d41e0 JavaThread "Worker-JM"                         [_thread_blocked, id=22720, stack(0x000000541b900000,0x000000541ba00000) (1024K)]
  0x000001c398103120 JavaThread "JNA Cleaner"                daemon [_thread_blocked, id=18116, stack(0x000000541ba00000,0x000000541bb00000) (1024K)]
  0x000001c398101050 JavaThread "Worker-0: Publish Diagnostics"        [_thread_in_Java, id=8944, stack(0x000000541bb00000,0x000000541bc00000) (1024K)]
  0x000001c398100330 JavaThread "Worker-1: Initialize workspace"        [_thread_blocked, id=12696, stack(0x000000541bc00000,0x000000541bd00000) (1024K)]
  0x000001c3981037b0 JavaThread "Worker-2"                          [_thread_blocked, id=21360, stack(0x000000541bd00000,0x000000541be00000) (1024K)]
  0x000001c3981016e0 JavaThread "Java indexing"              daemon [_thread_blocked, id=11032, stack(0x000000541bf00000,0x000000541c000000) (1024K)]
  0x000001c398102400 JavaThread "Worker-3"                          [_thread_blocked, id=15084, stack(0x000000541c200000,0x000000541c300000) (1024K)]
  0x000001c398102a90 JavaThread "Worker-4: Validate documents"        [_thread_in_vm, id=8580, stack(0x000000541c300000,0x000000541c400000) (1024K)]
  0x000001c39bcdf5a0 JavaThread "Thread-1"                   daemon [_thread_in_native, id=6356, stack(0x000000541c400000,0x000000541c500000) (1024K)]
  0x000001c39bcde1f0 JavaThread "Thread-2"                   daemon [_thread_in_native, id=12816, stack(0x000000541c500000,0x000000541c600000) (1024K)]
  0x000001c39bcdfc30 JavaThread "Thread-3"                   daemon [_thread_in_native, id=10932, stack(0x000000541c600000,0x000000541c700000) (1024K)]
  0x000001c39bcde880 JavaThread "Thread-4"                   daemon [_thread_in_native, id=22484, stack(0x000000541c700000,0x000000541c800000) (1024K)]
  0x000001c39bce02c0 JavaThread "Thread-5"                   daemon [_thread_in_native, id=12764, stack(0x000000541c800000,0x000000541c900000) (1024K)]
  0x000001c39bce0950 JavaThread "Thread-6"                   daemon [_thread_in_native, id=16600, stack(0x000000541c900000,0x000000541ca00000) (1024K)]
  0x000001c39bcddb60 JavaThread "Thread-7"                   daemon [_thread_in_native, id=22280, stack(0x000000541ca00000,0x000000541cb00000) (1024K)]
  0x000001c39bcdef10 JavaThread "Thread-8"                   daemon [_thread_in_native, id=7556, stack(0x000000541cb00000,0x000000541cc00000) (1024K)]
  0x000001c39bce4460 JavaThread "Thread-9"                   daemon [_thread_in_native, id=22400, stack(0x000000541cc00000,0x000000541cd00000) (1024K)]
  0x000001c39bce2a20 JavaThread "pool-2-thread-1"                   [_thread_blocked, id=22616, stack(0x000000541cd00000,0x000000541ce00000) (1024K)]
  0x000001c39bce3740 JavaThread "WorkspaceEventsHandler"            [_thread_blocked, id=14888, stack(0x000000541ce00000,0x000000541cf00000) (1024K)]
  0x000001c39bce3dd0 JavaThread "pool-1-thread-1"                   [_thread_in_vm, id=22144, stack(0x000000541cf00000,0x000000541d000000) (1024K)]
  0x000001c39bce5180 JavaThread "ForkJoinPool.commonPool-worker-1" daemon [_thread_blocked, id=19684, stack(0x000000541d000000,0x000000541d100000) (1024K)]
  0x000001c39bce1d00 JavaThread "ForkJoinPool.commonPool-worker-2" daemon [_thread_blocked, id=22368, stack(0x000000541d100000,0x000000541d200000) (1024K)]
  0x000001c39bce2390 JavaThread "ForkJoinPool.commonPool-worker-3" daemon [_thread_blocked, id=21432, stack(0x000000541d200000,0x000000541d300000) (1024K)]
  0x000001c39bce30b0 JavaThread "ForkJoinPool.commonPool-worker-4" daemon [_thread_blocked, id=19216, stack(0x000000541d300000,0x000000541d400000) (1024K)]
  0x000001c39a3d8f50 JavaThread "ForkJoinPool.commonPool-worker-5" daemon [_thread_blocked, id=2904, stack(0x000000541d400000,0x000000541d500000) (1024K)]
  0x000001c39a3dbd40 JavaThread "ForkJoinPool.commonPool-worker-6" daemon [_thread_blocked, id=21976, stack(0x000000541d500000,0x000000541d600000) (1024K)]
  0x000001c39a3d88c0 JavaThread "ForkJoinPool.commonPool-worker-7" daemon [_thread_blocked, id=19176, stack(0x000000541d600000,0x000000541d700000) (1024K)]
  0x000001c39bd0e6b0 JavaThread "C2 CompilerThread1"         daemon [_thread_in_native, id=18968, stack(0x000000541be00000,0x000000541bf00000) (1024K)]
Total: 45

Other Threads:
  0x000001c33aac3560 VMThread "VM Thread"                           [id=12436, stack(0x000000541a100000,0x000000541a200000) (1024K)]
  0x000001c33a9dca00 WatcherThread "VM Periodic Task Thread"        [id=21176, stack(0x000000541a000000,0x000000541a100000) (1024K)]
  0x000001c33ab677c0 WorkerThread "GC Thread#0"                     [id=16548, stack(0x0000005419f00000,0x000000541a000000) (1024K)]
  0x000001c3986be270 WorkerThread "GC Thread#1"                     [id=14236, stack(0x000000541ad00000,0x000000541ae00000) (1024K)]
  0x000001c39856b0d0 WorkerThread "GC Thread#2"                     [id=22776, stack(0x000000541ae00000,0x000000541af00000) (1024K)]
  0x000001c39856b480 WorkerThread "GC Thread#3"                     [id=21064, stack(0x000000541af00000,0x000000541b000000) (1024K)]
  0x000001c39856b830 WorkerThread "GC Thread#4"                     [id=13844, stack(0x000000541b000000,0x000000541b100000) (1024K)]
  0x000001c39856bbe0 WorkerThread "GC Thread#5"                     [id=22796, stack(0x000000541b100000,0x000000541b200000) (1024K)]
  0x000001c39859ba00 WorkerThread "GC Thread#6"                     [id=22032, stack(0x000000541b200000,0x000000541b300000) (1024K)]
  0x000001c398c89b70 WorkerThread "GC Thread#7"                     [id=13636, stack(0x000000541b300000,0x000000541b400000) (1024K)]
Total: 10

Threads with active compile tasks:
C2 CompilerThread0  35609 8057 %     4       org.lombokweb.asm.ClassReader::readCode @ 92 (5117 bytes)
C2 CompilerThread1  35609 8082       4       org.eclipse.osgi.container.ModuleDatabase$Persistence::writeString (99 bytes)
Total: 2

VM state: not at safepoint (normal execution)

VM Mutex/Monitor currently owned by a thread:  ([mutex/lock_event])
[0x00007ffe6083e460] CodeCache_lock - owner thread: 0x000001c39bce3dd0
[0x00007ffe6083e5e0] Compile_lock - owner thread: 0x000001c39bce3dd0

Heap address: 0x0000000080000000, size: 2048 MB, Compressed Oops mode: 32-bit

CDS archive(s) mapped at: [0x000001c352000000-0x000001c352ba0000-0x000001c352ba0000), size 12189696, SharedBaseAddress: 0x000001c352000000, ArchiveRelocationMode: 1.
Compressed class space mapped at: 0x000001c353000000-0x000001c393000000, reserved size: 1073741824
Narrow klass base: 0x000001c352000000, Narrow klass shift: 0, Narrow klass range: 0x100000000

GC Precious Log:
 CardTable entry size: 512
 CPUs: 8 total, 8 available
 Memory: 8067M
 Large Page Support: Disabled
 NUMA Support: Disabled
 Compressed Oops: Enabled (32-bit)
 Alignments: Space 512K, Generation 512K, Heap 2M
 Heap Min Capacity: 100M
 Heap Initial Capacity: 100M
 Heap Max Capacity: 2G
 Pre-touch: Disabled
 Parallel Workers: 8

Heap:
 PSYoungGen      total 14336K, used 3353K [0x00000000d5580000, 0x00000000d6480000, 0x0000000100000000)
  eden space 13312K, 19% used [0x00000000d5580000,0x00000000d58117a0,0x00000000d6280000)
  from space 1024K, 70% used [0x00000000d6280000,0x00000000d6334e88,0x00000000d6380000)
  to   space 1024K, 0% used [0x00000000d6380000,0x00000000d6380000,0x00000000d6480000)
 ParOldGen       total 68608K, used 53350K [0x0000000080000000, 0x0000000084300000, 0x00000000d5580000)
  object space 68608K, 77% used [0x0000000080000000,0x0000000083419b58,0x0000000084300000)
 Metaspace       used 56410K, committed 57856K, reserved 1114112K
  class space    used 6078K, committed 6720K, reserved 1048576K

Card table byte_map: [0x000001c33a4f0000,0x000001c33a900000] _byte_map_base: 0x000001c33a0f0000

Marking Bits: (ParMarkBitMap*) 0x00007ffe60843450
 Begin Bits: [0x000001c34d000000, 0x000001c34f000000)
 End Bits:   [0x000001c34f000000, 0x000001c351000000)

Polling page: 0x000001c3389a0000

Metaspace:

Usage:
  Non-class:     49.15 MB used.
      Class:      5.94 MB used.
       Both:     55.09 MB used.

Virtual space:
  Non-class space:       64.00 MB reserved,      49.94 MB ( 78%) committed,  1 nodes.
      Class space:        1.00 GB reserved,       6.56 MB ( <1%) committed,  1 nodes.
             Both:        1.06 GB reserved,      56.50 MB (  5%) committed. 

Chunk freelists:
   Non-Class:  13.19 MB
       Class:  9.25 MB
        Both:  22.44 MB

MaxMetaspaceSize: unlimited
CompressedClassSpaceSize: 1.00 GB
Initial GC threshold: 21.00 MB
Current GC threshold: 58.38 MB
CDS: on
 - commit_granule_bytes: 65536.
 - commit_granule_words: 8192.
 - virtual_space_node_default_size: 8388608.
 - enlarge_chunks_in_place: 1.
 - use_allocation_guard: 0.


Internal statistics:

num_allocs_failed_limit: 6.
num_arena_births: 1142.
num_arena_deaths: 14.
num_vsnodes_births: 2.
num_vsnodes_deaths: 0.
num_space_committed: 904.
num_space_uncommitted: 0.
num_chunks_returned_to_freelist: 20.
num_chunks_taken_from_freelist: 3813.
num_chunk_merges: 6.
num_chunk_splits: 2323.
num_chunks_enlarged: 1252.
num_inconsistent_stats: 0.

CodeHeap 'non-profiled nmethods': size=120000Kb used=4734Kb max_used=4734Kb free=115265Kb
 bounds [0x000001c345820000, 0x000001c345cc0000, 0x000001c34cd50000]
CodeHeap 'profiled nmethods': size=120000Kb used=16725Kb max_used=16725Kb free=103274Kb
 bounds [0x000001c33dd50000, 0x000001c33edb0000, 0x000001c345280000]
CodeHeap 'non-nmethods': size=5760Kb used=1404Kb max_used=1489Kb free=4355Kb
 bounds [0x000001c345280000, 0x000001c3454f0000, 0x000001c345820000]
CodeCache: size=245760Kb, used=22863Kb, max_used=22948Kb, free=222894Kb
 total_blobs=8395, nmethods=7681, adapters=620, full_count=0
Compilation: enabled, stopped_count=0, restarted_count=0

Compilation events (20 events):
Event: 34.458 Thread 0x000001c33aafd820 8157       2       lombok.eclipse.EclipseImportList::getFullyQualifiedNameForSimpleNameNoAliasing (135 bytes)
Event: 34.459 Thread 0x000001c33aafd820 nmethod 8157 0x000001c33ed71890 code [0x000001c33ed71a60, 0x000001c33ed71f38]
Event: 34.459 Thread 0x000001c33aafd820 8160   !   3       lombok.core.configuration.FileSystemSourceCache::parseIfNeccesary (124 bytes)
Event: 34.460 Thread 0x000001c33aafd820 nmethod 8160 0x000001c33ed72310 code [0x000001c33ed72500, 0x000001c33ed72a50]
Event: 34.460 Thread 0x000001c33aafd820 8159       2       sun.reflect.annotation.AnnotationType::invocationHandlerReturnType (82 bytes)
Event: 34.460 Thread 0x000001c33aafd820 nmethod 8159 0x000001c33ed72c90 code [0x000001c33ed72e80, 0x000001c33ed73198]
Event: 34.460 Thread 0x000001c33aafd820 8161       2       org.eclipse.jdt.internal.compiler.ast.Annotation::<init> (15 bytes)
Event: 34.460 Thread 0x000001c33aafd820 nmethod 8161 0x000001c33ed73210 code [0x000001c33ed733a0, 0x000001c33ed734e0]
Event: 34.461 Thread 0x000001c33aafd820 8162       2       java.util.regex.CharPredicates$$Lambda/0x800000026::is (5 bytes)
Event: 34.461 Thread 0x000001c33aafd820 nmethod 8162 0x000001c33ed73590 code [0x000001c33ed73720, 0x000001c33ed738c0]
Event: 34.461 Thread 0x000001c33aafd820 8163       2       java.util.regex.CharPredicates::lambda$ASCII_SPACE$20 (20 bytes)
Event: 34.462 Thread 0x000001c33aafd820 nmethod 8163 0x000001c33ed73a10 code [0x000001c33ed73ba0, 0x000001c33ed73d10]
Event: 34.463 Thread 0x000001c33aafd820 8164       2       java.util.regex.Pattern::newCharProperty (39 bytes)
Event: 34.464 Thread 0x000001c33aafd820 nmethod 8164 0x000001c33ed73e10 code [0x000001c33ed73fe0, 0x000001c33ed74340]
Event: 34.464 Thread 0x000001c33aafd820 8165       2       java.lang.reflect.Field::getOverrideFieldAccessor (18 bytes)
Event: 34.465 Thread 0x000001c33aafd820 nmethod 8165 0x000001c33ed74490 code [0x000001c33ed74640, 0x000001c33ed74770]
Event: 34.465 Thread 0x000001c33aafd820 8166       2       lombok.eclipse.handlers.EclipseHandlerUtil::generateQualifiedTypeRef (73 bytes)
Event: 34.467 Thread 0x000001c33aafd820 nmethod 8166 0x000001c33ed74810 code [0x000001c33ed749e0, 0x000001c33ed74d08]
Event: 34.467 Thread 0x000001c33aafd820 8167       2       lombok.eclipse.Eclipse::poss (33 bytes)
Event: 34.467 Thread 0x000001c33aafd820 nmethod 8167 0x000001c33ed74f10 code [0x000001c33ed750c0, 0x000001c33ed75290]

GC Heap History (20 events):
Event: 27.797 GC heap before
{Heap before GC invocations=31 (full 2):
 PSYoungGen      total 15360K, used 14944K [0x00000000d5580000, 0x00000000d6800000, 0x0000000100000000)
  eden space 13312K, 100% used [0x00000000d5580000,0x00000000d6280000,0x00000000d6280000)
  from space 2048K, 79% used [0x00000000d6600000,0x00000000d6798010,0x00000000d6800000)
  to   space 2048K, 0% used [0x00000000d6400000,0x00000000d6400000,0x00000000d6600000)
 ParOldGen       total 68608K, used 44732K [0x0000000080000000, 0x0000000084300000, 0x00000000d5580000)
  object space 68608K, 65% used [0x0000000080000000,0x0000000082baf2c8,0x0000000084300000)
 Metaspace       used 49046K, committed 50368K, reserved 1114112K
  class space    used 5328K, committed 5952K, reserved 1048576K
}
Event: 27.802 GC heap after
{Heap after GC invocations=31 (full 2):
 PSYoungGen      total 14848K, used 1376K [0x00000000d5580000, 0x00000000d6680000, 0x0000000100000000)
  eden space 13312K, 0% used [0x00000000d5580000,0x00000000d5580000,0x00000000d6280000)
  from space 1536K, 89% used [0x00000000d6400000,0x00000000d6558000,0x00000000d6580000)
  to   space 1024K, 0% used [0x00000000d6580000,0x00000000d6580000,0x00000000d6680000)
 ParOldGen       total 68608K, used 46252K [0x0000000080000000, 0x0000000084300000, 0x00000000d5580000)
  object space 68608K, 67% used [0x0000000080000000,0x0000000082d2b2d8,0x0000000084300000)
 Metaspace       used 49046K, committed 50368K, reserved 1114112K
  class space    used 5328K, committed 5952K, reserved 1048576K
}
Event: 28.279 GC heap before
{Heap before GC invocations=32 (full 2):
 PSYoungGen      total 14848K, used 14688K [0x00000000d5580000, 0x00000000d6680000, 0x0000000100000000)
  eden space 13312K, 100% used [0x00000000d5580000,0x00000000d6280000,0x00000000d6280000)
  from space 1536K, 89% used [0x00000000d6400000,0x00000000d6558000,0x00000000d6580000)
  to   space 1024K, 0% used [0x00000000d6580000,0x00000000d6580000,0x00000000d6680000)
 ParOldGen       total 68608K, used 46252K [0x0000000080000000, 0x0000000084300000, 0x00000000d5580000)
  object space 68608K, 67% used [0x0000000080000000,0x0000000082d2b2d8,0x0000000084300000)
 Metaspace       used 49442K, committed 50816K, reserved 1114112K
  class space    used 5384K, committed 6016K, reserved 1048576K
}
Event: 28.283 GC heap after
{Heap after GC invocations=32 (full 2):
 PSYoungGen      total 14336K, used 1024K [0x00000000d5580000, 0x00000000d6880000, 0x0000000100000000)
  eden space 13312K, 0% used [0x00000000d5580000,0x00000000d5580000,0x00000000d6280000)
  from space 1024K, 100% used [0x00000000d6580000,0x00000000d6680000,0x00000000d6680000)
  to   space 3072K, 0% used [0x00000000d6280000,0x00000000d6280000,0x00000000d6580000)
 ParOldGen       total 68608K, used 47645K [0x0000000080000000, 0x0000000084300000, 0x00000000d5580000)
  object space 68608K, 69% used [0x0000000080000000,0x0000000082e874d8,0x0000000084300000)
 Metaspace       used 49442K, committed 50816K, reserved 1114112K
  class space    used 5384K, committed 6016K, reserved 1048576K
}
Event: 29.955 GC heap before
{Heap before GC invocations=33 (full 2):
 PSYoungGen      total 14336K, used 14323K [0x00000000d5580000, 0x00000000d6880000, 0x0000000100000000)
  eden space 13312K, 99% used [0x00000000d5580000,0x00000000d627cc40,0x00000000d6280000)
  from space 1024K, 100% used [0x00000000d6580000,0x00000000d6680000,0x00000000d6680000)
  to   space 3072K, 0% used [0x00000000d6280000,0x00000000d6280000,0x00000000d6580000)
 ParOldGen       total 68608K, used 47645K [0x0000000080000000, 0x0000000084300000, 0x00000000d5580000)
  object space 68608K, 69% used [0x0000000080000000,0x0000000082e874d8,0x0000000084300000)
 Metaspace       used 50933K, committed 52352K, reserved 1114112K
  class space    used 5574K, committed 6208K, reserved 1048576K
}
Event: 29.960 GC heap after
{Heap after GC invocations=33 (full 2):
 PSYoungGen      total 13824K, used 504K [0x00000000d5580000, 0x00000000d6600000, 0x0000000100000000)
  eden space 13312K, 0% used [0x00000000d5580000,0x00000000d5580000,0x00000000d6280000)
  from space 512K, 98% used [0x00000000d6280000,0x00000000d62fe2e8,0x00000000d6300000)
  to   space 1536K, 0% used [0x00000000d6480000,0x00000000d6480000,0x00000000d6600000)
 ParOldGen       total 68608K, used 48625K [0x0000000080000000, 0x0000000084300000, 0x00000000d5580000)
  object space 68608K, 70% used [0x0000000080000000,0x0000000082f7c7a0,0x0000000084300000)
 Metaspace       used 50933K, committed 52352K, reserved 1114112K
  class space    used 5574K, committed 6208K, reserved 1048576K
}
Event: 31.203 GC heap before
{Heap before GC invocations=34 (full 2):
 PSYoungGen      total 13824K, used 13816K [0x00000000d5580000, 0x00000000d6600000, 0x0000000100000000)
  eden space 13312K, 100% used [0x00000000d5580000,0x00000000d6280000,0x00000000d6280000)
  from space 512K, 98% used [0x00000000d6280000,0x00000000d62fe2e8,0x00000000d6300000)
  to   space 1536K, 0% used [0x00000000d6480000,0x00000000d6480000,0x00000000d6600000)
 ParOldGen       total 68608K, used 48625K [0x0000000080000000, 0x0000000084300000, 0x00000000d5580000)
  object space 68608K, 70% used [0x0000000080000000,0x0000000082f7c7a0,0x0000000084300000)
 Metaspace       used 51524K, committed 52928K, reserved 1114112K
  class space    used 5645K, committed 6272K, reserved 1048576K
}
Event: 31.206 GC heap after
{Heap after GC invocations=34 (full 2):
 PSYoungGen      total 13824K, used 320K [0x00000000d5580000, 0x00000000d6500000, 0x0000000100000000)
  eden space 13312K, 0% used [0x00000000d5580000,0x00000000d5580000,0x00000000d6280000)
  from space 512K, 62% used [0x00000000d6480000,0x00000000d64d0000,0x00000000d6500000)
  to   space 512K, 0% used [0x00000000d6280000,0x00000000d6280000,0x00000000d6300000)
 ParOldGen       total 68608K, used 49061K [0x0000000080000000, 0x0000000084300000, 0x00000000d5580000)
  object space 68608K, 71% used [0x0000000080000000,0x0000000082fe94c8,0x0000000084300000)
 Metaspace       used 51524K, committed 52928K, reserved 1114112K
  class space    used 5645K, committed 6272K, reserved 1048576K
}
Event: 31.613 GC heap before
{Heap before GC invocations=35 (full 2):
 PSYoungGen      total 13824K, used 13632K [0x00000000d5580000, 0x00000000d6500000, 0x0000000100000000)
  eden space 13312K, 100% used [0x00000000d5580000,0x00000000d6280000,0x00000000d6280000)
  from space 512K, 62% used [0x00000000d6480000,0x00000000d64d0000,0x00000000d6500000)
  to   space 512K, 0% used [0x00000000d6280000,0x00000000d6280000,0x00000000d6300000)
 ParOldGen       total 68608K, used 49061K [0x0000000080000000, 0x0000000084300000, 0x00000000d5580000)
  object space 68608K, 71% used [0x0000000080000000,0x0000000082fe94c8,0x0000000084300000)
 Metaspace       used 52342K, committed 53760K, reserved 1114112K
  class space    used 5725K, committed 6400K, reserved 1048576K
}
Event: 31.615 GC heap after
{Heap after GC invocations=35 (full 2):
 PSYoungGen      total 13824K, used 288K [0x00000000d5580000, 0x00000000d6500000, 0x0000000100000000)
  eden space 13312K, 0% used [0x00000000d5580000,0x00000000d5580000,0x00000000d6280000)
  from space 512K, 56% used [0x00000000d6280000,0x00000000d62c8000,0x00000000d6300000)
  to   space 512K, 0% used [0x00000000d6480000,0x00000000d6480000,0x00000000d6500000)
 ParOldGen       total 68608K, used 49245K [0x0000000080000000, 0x0000000084300000, 0x00000000d5580000)
  object space 68608K, 71% used [0x0000000080000000,0x00000000830174c8,0x0000000084300000)
 Metaspace       used 52342K, committed 53760K, reserved 1114112K
  class space    used 5725K, committed 6400K, reserved 1048576K
}
Event: 32.143 GC heap before
{Heap before GC invocations=36 (full 2):
 PSYoungGen      total 13824K, used 13600K [0x00000000d5580000, 0x00000000d6500000, 0x0000000100000000)
  eden space 13312K, 100% used [0x00000000d5580000,0x00000000d6280000,0x00000000d6280000)
  from space 512K, 56% used [0x00000000d6280000,0x00000000d62c8000,0x00000000d6300000)
  to   space 512K, 0% used [0x00000000d6480000,0x00000000d6480000,0x00000000d6500000)
 ParOldGen       total 68608K, used 49245K [0x0000000080000000, 0x0000000084300000, 0x00000000d5580000)
  object space 68608K, 71% used [0x0000000080000000,0x00000000830174c8,0x0000000084300000)
 Metaspace       used 54118K, committed 55552K, reserved 1114112K
  class space    used 5903K, committed 6528K, reserved 1048576K
}
Event: 32.146 GC heap after
{Heap after GC invocations=36 (full 2):
 PSYoungGen      total 13824K, used 480K [0x00000000d5580000, 0x00000000d6500000, 0x0000000100000000)
  eden space 13312K, 0% used [0x00000000d5580000,0x00000000d5580000,0x00000000d6280000)
  from space 512K, 93% used [0x00000000d6480000,0x00000000d64f8010,0x00000000d6500000)
  to   space 1024K, 0% used [0x00000000d6300000,0x00000000d6300000,0x00000000d6400000)
 ParOldGen       total 68608K, used 49453K [0x0000000080000000, 0x0000000084300000, 0x00000000d5580000)
  object space 68608K, 72% used [0x0000000080000000,0x000000008304b4c8,0x0000000084300000)
 Metaspace       used 54118K, committed 55552K, reserved 1114112K
  class space    used 5903K, committed 6528K, reserved 1048576K
}
Event: 33.179 GC heap before
{Heap before GC invocations=37 (full 2):
 PSYoungGen      total 13824K, used 13792K [0x00000000d5580000, 0x00000000d6500000, 0x0000000100000000)
  eden space 13312K, 100% used [0x00000000d5580000,0x00000000d6280000,0x00000000d6280000)
  from space 512K, 93% used [0x00000000d6480000,0x00000000d64f8010,0x00000000d6500000)
  to   space 1024K, 0% used [0x00000000d6300000,0x00000000d6300000,0x00000000d6400000)
 ParOldGen       total 68608K, used 49453K [0x0000000080000000, 0x0000000084300000, 0x00000000d5580000)
  object space 68608K, 72% used [0x0000000080000000,0x000000008304b4c8,0x0000000084300000)
 Metaspace       used 54720K, committed 56128K, reserved 1114112K
  class space    used 5942K, committed 6592K, reserved 1048576K
}
Event: 33.182 GC heap after
{Heap after GC invocations=37 (full 2):
 PSYoungGen      total 14336K, used 1012K [0x00000000d5580000, 0x00000000d6780000, 0x0000000100000000)
  eden space 13312K, 0% used [0x00000000d5580000,0x00000000d5580000,0x00000000d6280000)
  from space 1024K, 98% used [0x00000000d6300000,0x00000000d63fd108,0x00000000d6400000)
  to   space 2560K, 0% used [0x00000000d6500000,0x00000000d6500000,0x00000000d6780000)
 ParOldGen       total 68608K, used 50526K [0x0000000080000000, 0x0000000084300000, 0x00000000d5580000)
  object space 68608K, 73% used [0x0000000080000000,0x0000000083157900,0x0000000084300000)
 Metaspace       used 54720K, committed 56128K, reserved 1114112K
  class space    used 5942K, committed 6592K, reserved 1048576K
}
Event: 33.561 GC heap before
{Heap before GC invocations=38 (full 2):
 PSYoungGen      total 14336K, used 14324K [0x00000000d5580000, 0x00000000d6780000, 0x0000000100000000)
  eden space 13312K, 100% used [0x00000000d5580000,0x00000000d6280000,0x00000000d6280000)
  from space 1024K, 98% used [0x00000000d6300000,0x00000000d63fd108,0x00000000d6400000)
  to   space 2560K, 0% used [0x00000000d6500000,0x00000000d6500000,0x00000000d6780000)
 ParOldGen       total 68608K, used 50526K [0x0000000080000000, 0x0000000084300000, 0x00000000d5580000)
  object space 68608K, 73% used [0x0000000080000000,0x0000000083157900,0x0000000084300000)
 Metaspace       used 54809K, committed 56256K, reserved 1114112K
  class space    used 5949K, committed 6592K, reserved 1048576K
}
Event: 33.565 GC heap after
{Heap after GC invocations=38 (full 2):
 PSYoungGen      total 15360K, used 1781K [0x00000000d5580000, 0x00000000d6700000, 0x0000000100000000)
  eden space 13312K, 0% used [0x00000000d5580000,0x00000000d5580000,0x00000000d6280000)
  from space 2048K, 87% used [0x00000000d6500000,0x00000000d66bd7d8,0x00000000d6700000)
  to   space 2048K, 0% used [0x00000000d6300000,0x00000000d6300000,0x00000000d6500000)
 ParOldGen       total 68608K, used 51570K [0x0000000080000000, 0x0000000084300000, 0x00000000d5580000)
  object space 68608K, 75% used [0x0000000080000000,0x000000008325ca08,0x0000000084300000)
 Metaspace       used 54809K, committed 56256K, reserved 1114112K
  class space    used 5949K, committed 6592K, reserved 1048576K
}
Event: 33.807 GC heap before
{Heap before GC invocations=39 (full 2):
 PSYoungGen      total 15360K, used 15080K [0x00000000d5580000, 0x00000000d6700000, 0x0000000100000000)
  eden space 13312K, 99% used [0x00000000d5580000,0x00000000d627c980,0x00000000d6280000)
  from space 2048K, 87% used [0x00000000d6500000,0x00000000d66bd7d8,0x00000000d6700000)
  to   space 2048K, 0% used [0x00000000d6300000,0x00000000d6300000,0x00000000d6500000)
 ParOldGen       total 68608K, used 51570K [0x0000000080000000, 0x0000000084300000, 0x00000000d5580000)
  object space 68608K, 75% used [0x0000000080000000,0x000000008325ca08,0x0000000084300000)
 Metaspace       used 54827K, committed 56256K, reserved 1114112K
  class space    used 5949K, committed 6592K, reserved 1048576K
}
Event: 33.811 GC heap after
{Heap after GC invocations=39 (full 2):
 PSYoungGen      total 14336K, used 557K [0x00000000d5580000, 0x00000000d6580000, 0x0000000100000000)
  eden space 13312K, 0% used [0x00000000d5580000,0x00000000d5580000,0x00000000d6280000)
  from space 1024K, 54% used [0x00000000d6300000,0x00000000d638b6b0,0x00000000d6400000)
  to   space 1536K, 0% used [0x00000000d6400000,0x00000000d6400000,0x00000000d6580000)
 ParOldGen       total 68608K, used 52154K [0x0000000080000000, 0x0000000084300000, 0x00000000d5580000)
  object space 68608K, 76% used [0x0000000080000000,0x00000000832eea38,0x0000000084300000)
 Metaspace       used 54827K, committed 56256K, reserved 1114112K
  class space    used 5949K, committed 6592K, reserved 1048576K
}
Event: 34.238 GC heap before
{Heap before GC invocations=40 (full 2):
 PSYoungGen      total 14336K, used 13858K [0x00000000d5580000, 0x00000000d6580000, 0x0000000100000000)
  eden space 13312K, 99% used [0x00000000d5580000,0x00000000d627d1d8,0x00000000d6280000)
  from space 1024K, 54% used [0x00000000d6300000,0x00000000d638b6b0,0x00000000d6400000)
  to   space 1536K, 0% used [0x00000000d6400000,0x00000000d6400000,0x00000000d6580000)
 ParOldGen       total 68608K, used 52154K [0x0000000080000000, 0x0000000084300000, 0x00000000d5580000)
  object space 68608K, 76% used [0x0000000080000000,0x00000000832eea38,0x0000000084300000)
 Metaspace       used 55611K, committed 57088K, reserved 1114112K
  class space    used 5998K, committed 6656K, reserved 1048576K
}
Event: 34.242 GC heap after
{Heap after GC invocations=40 (full 2):
 PSYoungGen      total 14848K, used 1216K [0x00000000d5580000, 0x00000000d6580000, 0x0000000100000000)
  eden space 13312K, 0% used [0x00000000d5580000,0x00000000d5580000,0x00000000d6280000)
  from space 1536K, 79% used [0x00000000d6400000,0x00000000d6530030,0x00000000d6580000)
  to   space 1536K, 0% used [0x00000000d6280000,0x00000000d6280000,0x00000000d6400000)
 ParOldGen       total 68608K, used 52322K [0x0000000080000000, 0x0000000084300000, 0x00000000d5580000)
  object space 68608K, 76% used [0x0000000080000000,0x0000000083318a38,0x0000000084300000)
 Metaspace       used 55611K, committed 57088K, reserved 1114112K
  class space    used 5998K, committed 6656K, reserved 1048576K
}

Dll operation events (10 events):
Event: 0.038 Loaded shared library c:\Users\phorn\.antigravity\extensions\redhat.java-1.54.0-win32-x64\jre\21.0.10-win32-x86_64\bin\java.dll
Event: 0.290 Loaded shared library c:\Users\phorn\.antigravity\extensions\redhat.java-1.54.0-win32-x64\jre\21.0.10-win32-x86_64\bin\zip.dll
Event: 0.384 Loaded shared library C:\Users\phorn\.antigravity\extensions\redhat.java-1.54.0-win32-x64\jre\21.0.10-win32-x86_64\bin\instrument.dll
Event: 0.398 Loaded shared library C:\Users\phorn\.antigravity\extensions\redhat.java-1.54.0-win32-x64\jre\21.0.10-win32-x86_64\bin\net.dll
Event: 0.413 Loaded shared library C:\Users\phorn\.antigravity\extensions\redhat.java-1.54.0-win32-x64\jre\21.0.10-win32-x86_64\bin\nio.dll
Event: 0.437 Loaded shared library C:\Users\phorn\.antigravity\extensions\redhat.java-1.54.0-win32-x64\jre\21.0.10-win32-x86_64\bin\zip.dll
Event: 0.619 Loaded shared library C:\Users\phorn\.antigravity\extensions\redhat.java-1.54.0-win32-x64\jre\21.0.10-win32-x86_64\bin\jimage.dll
Event: 0.888 Loaded shared library c:\Users\phorn\.antigravity\extensions\redhat.java-1.54.0-win32-x64\jre\21.0.10-win32-x86_64\bin\verify.dll
Event: 3.750 Loaded shared library C:\Users\phorn\AppData\Roaming\Antigravity\User\globalStorage\redhat.java\1.54.0\config_win\org.eclipse.equinox.launcher\org.eclipse.equinox.launcher.win32.win32.x86_64_1.3.0.v20260203-2149\eclipse_11919.dll
Event: 10.770 Loaded shared library C:\Users\phorn\AppData\Local\Temp\jna-106642931\jna15461529121489903063.dll

Deoptimization events (20 events):
Event: 34.441 Thread 0x000001c398101050 DEOPT PACKING pc=0x000001c33ed5964e sp=0x000000541bbfe0c0
Event: 34.441 Thread 0x000001c398101050 DEOPT UNPACKING pc=0x000001c3452d4242 sp=0x000000541bbfd640 mode 0
Event: 34.444 Thread 0x000001c398101050 DEOPT PACKING pc=0x000001c33ed5964e sp=0x000000541bbfe0c0
Event: 34.444 Thread 0x000001c398101050 DEOPT UNPACKING pc=0x000001c3452d4242 sp=0x000000541bbfd640 mode 0
Event: 34.454 Thread 0x000001c39bce3dd0 Uncommon trap: trap_request=0xffffffde fr.pc=0x000001c345c6fe0c relative=0x0000000000003d2c
Event: 34.454 Thread 0x000001c39bce3dd0 Uncommon trap: reason=class_check action=maybe_recompile pc=0x000001c345c6fe0c method=java.lang.reflect.Field.get(Ljava/lang/Object;)Ljava/lang/Object; @ 33 c2
Event: 34.454 Thread 0x000001c39bce3dd0 DEOPT PACKING pc=0x000001c345c6fe0c sp=0x000000541cffd5a0
Event: 34.454 Thread 0x000001c39bce3dd0 DEOPT UNPACKING pc=0x000001c3452d3aa2 sp=0x000000541cffd610 mode 2
Event: 34.455 Thread 0x000001c39bce3dd0 Uncommon trap: trap_request=0xffffff45 fr.pc=0x000001c345c64858 relative=0x00000000000001b8
Event: 34.455 Thread 0x000001c39bce3dd0 Uncommon trap: reason=unstable_if action=reinterpret pc=0x000001c345c64858 method=jdk.internal.util.ArraysSupport.mismatch([C[CI)I @ 59 c2
Event: 34.455 Thread 0x000001c39bce3dd0 DEOPT PACKING pc=0x000001c345c64858 sp=0x000000541cffde40
Event: 34.455 Thread 0x000001c39bce3dd0 DEOPT UNPACKING pc=0x000001c3452d3aa2 sp=0x000000541cffdd78 mode 2
Event: 34.456 Thread 0x000001c39bce3dd0 Uncommon trap: trap_request=0xffffffde fr.pc=0x000001c345c6fe0c relative=0x0000000000003d2c
Event: 34.456 Thread 0x000001c39bce3dd0 Uncommon trap: reason=class_check action=maybe_recompile pc=0x000001c345c6fe0c method=java.lang.reflect.Field.get(Ljava/lang/Object;)Ljava/lang/Object; @ 33 c2
Event: 34.456 Thread 0x000001c39bce3dd0 DEOPT PACKING pc=0x000001c345c6fe0c sp=0x000000541cffd5a0
Event: 34.456 Thread 0x000001c39bce3dd0 DEOPT UNPACKING pc=0x000001c3452d3aa2 sp=0x000000541cffd610 mode 2
Event: 34.456 Thread 0x000001c39bce3dd0 Uncommon trap: trap_request=0xffffff45 fr.pc=0x000001c345c56f68 relative=0x00000000000008e8
Event: 34.456 Thread 0x000001c39bce3dd0 Uncommon trap: reason=unstable_if action=reinterpret pc=0x000001c345c56f68 method=lombok.core.configuration.FileSystemSourceCache.parseIfNeccesary(Llombok/core/configuration/ConfigurationFile;Llombok/core/configuration/ConfigurationParser;)Llombok/core/co
Event: 34.456 Thread 0x000001c39bce3dd0 DEOPT PACKING pc=0x000001c345c56f68 sp=0x000000541cffd920
Event: 34.456 Thread 0x000001c39bce3dd0 DEOPT UNPACKING pc=0x000001c3452d3aa2 sp=0x000000541cffd8c8 mode 2

Classes loaded (20 events):
Event: 34.104 Loading class sun/util/cldr/CLDRTimeZoneNameProviderImpl
Event: 34.116 Loading class sun/util/locale/provider/TimeZoneNameProviderImpl
Event: 34.122 Loading class sun/util/locale/provider/TimeZoneNameProviderImpl done
Event: 34.122 Loading class sun/util/cldr/CLDRTimeZoneNameProviderImpl done
Event: 34.134 Loading class sun/util/resources/cldr/TimeZoneNames
Event: 34.148 Loading class sun/util/resources/TimeZoneNamesBundle
Event: 34.148 Loading class sun/util/resources/OpenListResourceBundle
Event: 34.149 Loading class sun/util/resources/OpenListResourceBundle done
Event: 34.149 Loading class sun/util/resources/TimeZoneNamesBundle done
Event: 34.149 Loading class sun/util/resources/cldr/TimeZoneNames done
Event: 34.150 Loading class sun/util/resources/cldr/TimeZoneNames_en
Event: 34.160 Loading class sun/util/resources/cldr/TimeZoneNames_en done
Event: 34.163 Loading class sun/util/resources/cldr/TimeZoneNames_en_US
Event: 34.163 Loading class sun/util/resources/cldr/TimeZoneNames_en_US done
Event: 34.168 Loading class sun/util/cldr/CLDRBaseLocaleDataMetaInfo$TZCanonicalIDMapHolder
Event: 34.204 Loading class sun/util/cldr/CLDRBaseLocaleDataMetaInfo$TZCanonicalIDMapHolder done
Event: 34.210 Loading class sun/util/resources/TimeZoneNames
Event: 34.227 Loading class sun/util/resources/TimeZoneNames done
Event: 34.228 Loading class sun/util/resources/TimeZoneNames_en
Event: 34.229 Loading class sun/util/resources/TimeZoneNames_en done

Classes unloaded (7 events):
Event: 12.471 Thread 0x000001c33aac3560 Unloading class 0x000001c3531a8c00 'java/lang/invoke/LambdaForm$MH+0x000001c3531a8c00'
Event: 12.471 Thread 0x000001c33aac3560 Unloading class 0x000001c3531a8800 'java/lang/invoke/LambdaForm$MH+0x000001c3531a8800'
Event: 12.471 Thread 0x000001c33aac3560 Unloading class 0x000001c3531a8400 'java/lang/invoke/LambdaForm$MH+0x000001c3531a8400'
Event: 12.471 Thread 0x000001c33aac3560 Unloading class 0x000001c3531a8000 'java/lang/invoke/LambdaForm$MH+0x000001c3531a8000'
Event: 12.471 Thread 0x000001c33aac3560 Unloading class 0x000001c3531a7c00 'java/lang/invoke/LambdaForm$BMH+0x000001c3531a7c00'
Event: 12.471 Thread 0x000001c33aac3560 Unloading class 0x000001c3531a7800 'java/lang/invoke/LambdaForm$DMH+0x000001c3531a7800'
Event: 12.471 Thread 0x000001c33aac3560 Unloading class 0x000001c3531a6400 'java/lang/invoke/LambdaForm$DMH+0x000001c3531a6400'

Classes redefined (0 events):
No events

Internal exceptions (20 events):
Event: 22.727 Thread 0x000001c398102400 Exception <a 'sun/nio/fs/WindowsException'{0x00000000d6060568}> (0x00000000d6060568) 
thrown [s\src\hotspot\share\prims\jni.cpp, line 520]
Event: 22.729 Thread 0x000001c398102400 Exception <a 'sun/nio/fs/WindowsException'{0x00000000d6063ae0}> (0x00000000d6063ae0) 
thrown [s\src\hotspot\share\prims\jni.cpp, line 520]
Event: 22.729 Thread 0x000001c398102400 Exception <a 'sun/nio/fs/WindowsException'{0x00000000d6064108}> (0x00000000d6064108) 
thrown [s\src\hotspot\share\prims\jni.cpp, line 520]
Event: 22.729 Thread 0x000001c398102400 Exception <a 'sun/nio/fs/WindowsException'{0x00000000d6064738}> (0x00000000d6064738) 
thrown [s\src\hotspot\share\prims\jni.cpp, line 520]
Event: 22.729 Thread 0x000001c398102400 Exception <a 'sun/nio/fs/WindowsException'{0x00000000d6064d78}> (0x00000000d6064d78) 
thrown [s\src\hotspot\share\prims\jni.cpp, line 520]
Event: 22.731 Thread 0x000001c398102400 Exception <a 'sun/nio/fs/WindowsException'{0x00000000d6068700}> (0x00000000d6068700) 
thrown [s\src\hotspot\share\prims\jni.cpp, line 520]
Event: 22.731 Thread 0x000001c398102400 Exception <a 'sun/nio/fs/WindowsException'{0x00000000d6068d38}> (0x00000000d6068d38) 
thrown [s\src\hotspot\share\prims\jni.cpp, line 520]
Event: 22.732 Thread 0x000001c398102400 Exception <a 'sun/nio/fs/WindowsException'{0x00000000d6069380}> (0x00000000d6069380) 
thrown [s\src\hotspot\share\prims\jni.cpp, line 520]
Event: 22.732 Thread 0x000001c398102400 Exception <a 'sun/nio/fs/WindowsException'{0x00000000d60699d8}> (0x00000000d60699d8) 
thrown [s\src\hotspot\share\prims\jni.cpp, line 520]
Event: 22.734 Thread 0x000001c398102400 Exception <a 'sun/nio/fs/WindowsException'{0x00000000d606d680}> (0x00000000d606d680) 
thrown [s\src\hotspot\share\prims\jni.cpp, line 520]
Event: 22.734 Thread 0x000001c398102400 Exception <a 'sun/nio/fs/WindowsException'{0x00000000d606dd10}> (0x00000000d606dd10) 
thrown [s\src\hotspot\share\prims\jni.cpp, line 520]
Event: 22.734 Thread 0x000001c398102400 Exception <a 'sun/nio/fs/WindowsException'{0x00000000d606e3a0}> (0x00000000d606e3a0) 
thrown [s\src\hotspot\share\prims\jni.cpp, line 520]
Event: 22.734 Thread 0x000001c398102400 Exception <a 'sun/nio/fs/WindowsException'{0x00000000d606ea50}> (0x00000000d606ea50) 
thrown [s\src\hotspot\share\prims\jni.cpp, line 520]
Event: 25.766 Thread 0x000001c39bce3dd0 Exception <a 'java/lang/NoSuchMethodError'{0x00000000d5e9c780}: 'java.lang.Object java.lang.invoke.DelegatingMethodHandle$Holder.reinvoke_L(java.lang.Object, int, long, java.lang.Object, java.lang.Object, int, java.lang.Object)'> (0x00000000d5e9c780) 
thrown [s\src\hotspot\share\interpreter\linkResolver.cpp, line 773]
Event: 29.055 Thread 0x000001c39bce3dd0 Exception <a 'java/lang/NoSuchMethodError'{0x00000000d5c0dbc0}: 'java.lang.Object java.lang.invoke.DirectMethodHandle$Holder.invokeVirtual(java.lang.Object, java.lang.Object, int)'> (0x00000000d5c0dbc0) 
thrown [s\src\hotspot\share\interpreter\linkResolver.cpp, line 773]
Event: 31.993 Thread 0x000001c39bce3dd0 Exception <a 'java/io/FileNotFoundException'{0x00000000d5f4fd38}> (0x00000000d5f4fd38) 
thrown [s\src\hotspot\share\prims\jni.cpp, line 520]
Event: 31.994 Thread 0x000001c39bce3dd0 Exception <a 'java/io/FileNotFoundException'{0x00000000d5f50d68}> (0x00000000d5f50d68) 
thrown [s\src\hotspot\share\prims\jni.cpp, line 520]
Event: 32.149 Thread 0x000001c39bce3dd0 Exception <a 'java/lang/NoSuchMethodError'{0x00000000d559bdd8}: 'java.lang.Object java.lang.invoke.DirectMethodHandle$Holder.invokeStatic(java.lang.Object, java.lang.Object, int, int)'> (0x00000000d559bdd8) 
thrown [s\src\hotspot\share\interpreter\linkResolver.cpp, line 773]
Event: 32.150 Thread 0x000001c39bce3dd0 Exception <a 'java/lang/NoSuchMethodError'{0x00000000d55a00e8}: 'java.lang.Object java.lang.invoke.DirectMethodHandle$Holder.invokeSpecial(java.lang.Object, java.lang.Object, java.lang.Object, int, int)'> (0x00000000d55a00e8) 
thrown [s\src\hotspot\share\interpreter\linkResolver.cpp, line 773]
Event: 33.246 Thread 0x000001c398101050 Exception <a 'java/lang/NoSuchMethodError'{0x00000000d56adb70}: 'java.lang.Object java.lang.invoke.DirectMethodHandle$Holder.invokeSpecial(java.lang.Object, java.lang.Object, int, long)'> (0x00000000d56adb70) 
thrown [s\src\hotspot\share\interpreter\linkResolver.cpp, line 773]

ZGC Phase Switch (0 events):
No events

VM Operations (20 events):
Event: 30.965 Executing safepoint VM operation: Cleanup
Event: 30.965 Executing safepoint VM operation: Cleanup done
Event: 31.203 Executing safepoint VM operation: ParallelGCFailedAllocation (Allocation Failure)
Event: 31.206 Executing safepoint VM operation: ParallelGCFailedAllocation (Allocation Failure) done
Event: 31.613 Executing safepoint VM operation: ParallelGCFailedAllocation (Allocation Failure)
Event: 31.615 Executing safepoint VM operation: ParallelGCFailedAllocation (Allocation Failure) done
Event: 32.143 Executing safepoint VM operation: ParallelGCFailedAllocation (Allocation Failure)
Event: 32.146 Executing safepoint VM operation: ParallelGCFailedAllocation (Allocation Failure) done
Event: 33.155 Executing safepoint VM operation: Cleanup
Event: 33.155 Executing safepoint VM operation: Cleanup done
Event: 33.179 Executing safepoint VM operation: ParallelGCFailedAllocation (Allocation Failure)
Event: 33.183 Executing safepoint VM operation: ParallelGCFailedAllocation (Allocation Failure) done
Event: 33.561 Executing safepoint VM operation: ParallelGCFailedAllocation (Allocation Failure)
Event: 33.566 Executing safepoint VM operation: ParallelGCFailedAllocation (Allocation Failure) done
Event: 33.806 Executing safepoint VM operation: ParallelGCFailedAllocation (Allocation Failure)
Event: 33.811 Executing safepoint VM operation: ParallelGCFailedAllocation (Allocation Failure) done
Event: 34.238 Executing safepoint VM operation: ParallelGCFailedAllocation (Allocation Failure)
Event: 34.242 Executing safepoint VM operation: ParallelGCFailedAllocation (Allocation Failure) done
Event: 35.248 Executing safepoint VM operation: Cleanup
Event: 35.248 Executing safepoint VM operation: Cleanup done

Memory protections (0 events):
No events

Nmethod flushes (20 events):
Event: 17.734 Thread 0x000001c33aac3560 flushing  nmethod 0x000001c33e3ab610
Event: 17.734 Thread 0x000001c33aac3560 flushing  nmethod 0x000001c33e3ad890
Event: 17.734 Thread 0x000001c33aac3560 flushing  nmethod 0x000001c33e3ae890
Event: 17.734 Thread 0x000001c33aac3560 flushing  nmethod 0x000001c33e3af990
Event: 17.734 Thread 0x000001c33aac3560 flushing  nmethod 0x000001c33e3afe90
Event: 17.734 Thread 0x000001c33aac3560 flushing  nmethod 0x000001c33e3b0390
Event: 17.734 Thread 0x000001c33aac3560 flushing  nmethod 0x000001c33e3b1310
Event: 17.734 Thread 0x000001c33aac3560 flushing  nmethod 0x000001c33e3b1b90
Event: 17.734 Thread 0x000001c33aac3560 flushing  nmethod 0x000001c33e3b3610
Event: 17.734 Thread 0x000001c33aac3560 flushing  nmethod 0x000001c33e3b5290
Event: 17.734 Thread 0x000001c33aac3560 flushing  nmethod 0x000001c33e3d3c90
Event: 17.734 Thread 0x000001c33aac3560 flushing  nmethod 0x000001c33e404c90
Event: 17.734 Thread 0x000001c33aac3560 flushing  nmethod 0x000001c33e405e90
Event: 17.734 Thread 0x000001c33aac3560 flushing  nmethod 0x000001c33e415510
Event: 17.734 Thread 0x000001c33aac3560 flushing  nmethod 0x000001c33e44dc10
Event: 17.734 Thread 0x000001c33aac3560 flushing  nmethod 0x000001c33e44f210
Event: 17.734 Thread 0x000001c33aac3560 flushing  nmethod 0x000001c33e46aa10
Event: 17.734 Thread 0x000001c33aac3560 flushing  nmethod 0x000001c33e47b590
Event: 17.734 Thread 0x000001c33aac3560 flushing  nmethod 0x000001c33e49fe10
Event: 17.734 Thread 0x000001c33aac3560 flushing  nmethod 0x000001c33e4b6990

Events (20 events):
Event: 21.413 Thread 0x000001c39bce30b0 Thread added: 0x000001c39a3dbd40
Event: 21.414 Thread 0x000001c39a3d8f50 Thread added: 0x000001c39a3d88c0
Event: 22.484 Thread 0x000001c398102400 Thread added: 0x000001c39a3dc3d0
Event: 23.335 Thread 0x000001c39b720160 Thread exited: 0x000001c39b720160
Event: 23.689 Thread 0x000001c33aafd820 Thread added: 0x000001c39b720160
Event: 24.957 Thread 0x000001c39b720160 Thread exited: 0x000001c39b720160
Event: 24.980 Thread 0x000001c39a3dc3d0 Thread exited: 0x000001c39a3dc3d0
Event: 25.924 Thread 0x000001c33aafd820 Thread added: 0x000001c39a7a5020
Event: 26.189 Thread 0x000001c39a7a5020 Thread exited: 0x000001c39a7a5020
Event: 26.306 Thread 0x000001c33aad7230 Thread added: 0x000001c39b494070
Event: 26.803 Thread 0x000001c39b494070 Thread exited: 0x000001c39b494070
Event: 26.852 Thread 0x000001c33aafd820 Thread added: 0x000001c39b494070
Event: 28.782 Thread 0x000001c39b494070 Thread exited: 0x000001c39b494070
Event: 29.258 Thread 0x000001c33aafd820 Thread added: 0x000001c39b494070
Event: 29.431 Thread 0x000001c39b494070 Thread exited: 0x000001c39b494070
Event: 31.645 Thread 0x000001c33aafd820 Thread added: 0x000001c39bd0e6b0
Event: 31.809 Thread 0x000001c39bd0e6b0 Thread exited: 0x000001c39bd0e6b0
Event: 31.948 Thread 0x000001c33aafd820 Thread added: 0x000001c39bd0e6b0
Event: 32.563 Thread 0x000001c39bd0e6b0 Thread exited: 0x000001c39bd0e6b0
Event: 32.850 Thread 0x000001c33aafd820 Thread added: 0x000001c39bd0e6b0


Dynamic libraries:
0x00007ff686760000 - 0x00007ff68676e000 	c:\Users\phorn\.antigravity\extensions\redhat.java-1.54.0-win32-x64\jre\21.0.10-win32-x86_64\bin\java.exe
0x00007ffecf3a0000 - 0x00007ffecf607000 	C:\WINDOWS\SYSTEM32\ntdll.dll
0x00007ffece950000 - 0x00007ffecea19000 	C:\WINDOWS\System32\KERNEL32.DLL
0x00007ffecbd30000 - 0x00007ffecc124000 	C:\WINDOWS\System32\KERNELBASE.dll
0x00007ffecceb0000 - 0x00007ffeccffb000 	C:\WINDOWS\System32\ucrtbase.dll
0x00007ffeb6f50000 - 0x00007ffeb6f68000 	c:\Users\phorn\.antigravity\extensions\redhat.java-1.54.0-win32-x64\jre\21.0.10-win32-x86_64\bin\jli.dll
0x00007ffeb6f00000 - 0x00007ffeb6f1e000 	c:\Users\phorn\.antigravity\extensions\redhat.java-1.54.0-win32-x64\jre\21.0.10-win32-x86_64\bin\VCRUNTIME140.dll
0x00007ffece3d0000 - 0x00007ffece595000 	C:\WINDOWS\System32\USER32.dll
0x00007ffecc2b0000 - 0x00007ffecc2d7000 	C:\WINDOWS\System32\win32u.dll
0x00007ffeb6680000 - 0x00007ffeb6913000 	C:\WINDOWS\WinSxS\amd64_microsoft.windows.common-controls_6595b64144ccf1df_6.0.26100.8115_none_3e075c82e3354f9c\COMCTL32.dll
0x00007ffecdb10000 - 0x00007ffecdb3b000 	C:\WINDOWS\System32\GDI32.dll
0x00007ffecea20000 - 0x00007ffeceac9000 	C:\WINDOWS\System32\msvcrt.dll
0x00007ffecd000000 - 0x00007ffecd12b000 	C:\WINDOWS\System32\gdi32full.dll
0x00007ffecce00000 - 0x00007ffeccea3000 	C:\WINDOWS\System32\msvcp_win.dll
0x00007ffece360000 - 0x00007ffece392000 	C:\WINDOWS\System32\IMM32.DLL
0x00007ffec6b90000 - 0x00007ffec6b9c000 	c:\Users\phorn\.antigravity\extensions\redhat.java-1.54.0-win32-x64\jre\21.0.10-win32-x86_64\bin\vcruntime140_1.dll
0x00007ffe69b70000 - 0x00007ffe69bfd000 	c:\Users\phorn\.antigravity\extensions\redhat.java-1.54.0-win32-x64\jre\21.0.10-win32-x86_64\bin\msvcp140.dll
0x00007ffe5fb80000 - 0x00007ffe60921000 	c:\Users\phorn\.antigravity\extensions\redhat.java-1.54.0-win32-x64\jre\21.0.10-win32-x86_64\bin\server\jvm.dll
0x00007ffece630000 - 0x00007ffece6e6000 	C:\WINDOWS\System32\ADVAPI32.dll
0x00007ffecf090000 - 0x00007ffecf137000 	C:\WINDOWS\System32\sechost.dll
0x00007ffeceaf0000 - 0x00007ffecec08000 	C:\WINDOWS\System32\RPCRT4.dll
0x00007ffecda80000 - 0x00007ffecdb00000 	C:\WINDOWS\System32\WS2_32.dll
0x00007ffecbaf0000 - 0x00007ffecbb4e000 	C:\WINDOWS\SYSTEM32\POWRPROF.dll
0x00007ffebd210000 - 0x00007ffebd246000 	C:\WINDOWS\SYSTEM32\WINMM.dll
0x00007ffec42f0000 - 0x00007ffec42fb000 	C:\WINDOWS\SYSTEM32\VERSION.dll
0x00007ffecbab0000 - 0x00007ffecbac4000 	C:\WINDOWS\SYSTEM32\UMPDC.dll
0x00007ffeca9c0000 - 0x00007ffeca9db000 	C:\WINDOWS\SYSTEM32\kernel.appcore.dll
0x00007ffebb780000 - 0x00007ffebb78a000 	c:\Users\phorn\.antigravity\extensions\redhat.java-1.54.0-win32-x64\jre\21.0.10-win32-x86_64\bin\jimage.dll
0x00007ffebcba0000 - 0x00007ffebcde2000 	C:\WINDOWS\SYSTEM32\DBGHELP.DLL
0x00007ffecdb40000 - 0x00007ffecdec2000 	C:\WINDOWS\System32\combase.dll
0x00007ffece770000 - 0x00007ffece848000 	C:\WINDOWS\System32\OLEAUT32.dll
0x00007ffebd1d0000 - 0x00007ffebd20b000 	C:\WINDOWS\SYSTEM32\dbgcore.DLL
0x00007ffeccd50000 - 0x00007ffeccdf5000 	C:\WINDOWS\System32\bcryptPrimitives.dll
0x00007ffeb7180000 - 0x00007ffeb718f000 	c:\Users\phorn\.antigravity\extensions\redhat.java-1.54.0-win32-x64\jre\21.0.10-win32-x86_64\bin\instrument.dll
0x00007ffeb1b90000 - 0x00007ffeb1bb0000 	c:\Users\phorn\.antigravity\extensions\redhat.java-1.54.0-win32-x64\jre\21.0.10-win32-x86_64\bin\java.dll
0x00007ffecd290000 - 0x00007ffecd9f7000 	C:\WINDOWS\System32\SHELL32.dll
0x00007ffeccbe0000 - 0x00007ffeccd4a000 	C:\WINDOWS\System32\wintypes.dll
0x00007ffecc2e0000 - 0x00007ffeccb48000 	C:\WINDOWS\System32\windows.storage.dll
0x00007ffecf140000 - 0x00007ffecf238000 	C:\WINDOWS\System32\SHCORE.dll
0x00007ffecec40000 - 0x00007ffececa6000 	C:\WINDOWS\System32\shlwapi.dll
0x00007ffecbb90000 - 0x00007ffecbbb9000 	C:\WINDOWS\SYSTEM32\profapi.dll
0x00007ffea7960000 - 0x00007ffea7978000 	c:\Users\phorn\.antigravity\extensions\redhat.java-1.54.0-win32-x64\jre\21.0.10-win32-x86_64\bin\zip.dll
0x00007ffeb2c60000 - 0x00007ffeb2c70000 	C:\Users\phorn\.antigravity\extensions\redhat.java-1.54.0-win32-x64\jre\21.0.10-win32-x86_64\bin\net.dll
0x00007ffec3c90000 - 0x00007ffec3dbd000 	C:\WINDOWS\SYSTEM32\WINHTTP.dll
0x00007ffecaf10000 - 0x00007ffecaf7c000 	C:\WINDOWS\system32\mswsock.dll
0x00007ffe9e320000 - 0x00007ffe9e336000 	C:\Users\phorn\.antigravity\extensions\redhat.java-1.54.0-win32-x64\jre\21.0.10-win32-x86_64\bin\nio.dll
0x00007ffeb15b0000 - 0x00007ffeb15c0000 	c:\Users\phorn\.antigravity\extensions\redhat.java-1.54.0-win32-x64\jre\21.0.10-win32-x86_64\bin\verify.dll
0x00007ffe6f5e0000 - 0x00007ffe6f625000 	C:\Users\phorn\AppData\Roaming\Antigravity\User\globalStorage\redhat.java\1.54.0\config_win\org.eclipse.equinox.launcher\org.eclipse.equinox.launcher.win32.win32.x86_64_1.3.0.v20260203-2149\eclipse_11919.dll
0x00007ffeceef0000 - 0x00007ffecf087000 	C:\WINDOWS\System32\ole32.dll
0x00007ffecb310000 - 0x00007ffecb32b000 	C:\WINDOWS\SYSTEM32\CRYPTSP.dll
0x00007ffeca920000 - 0x00007ffeca959000 	C:\WINDOWS\system32\rsaenh.dll
0x00007ffecafc0000 - 0x00007ffecaff3000 	C:\WINDOWS\SYSTEM32\USERENV.dll
0x00007ffecbb60000 - 0x00007ffecbb8a000 	C:\WINDOWS\SYSTEM32\bcrypt.dll
0x00007ffecb170000 - 0x00007ffecb17c000 	C:\WINDOWS\SYSTEM32\CRYPTBASE.dll
0x00007ffeca3a0000 - 0x00007ffeca3d2000 	C:\WINDOWS\SYSTEM32\IPHLPAPI.DLL
0x00007ffecf240000 - 0x00007ffecf24a000 	C:\WINDOWS\System32\NSI.dll
0x00007ffea67c0000 - 0x00007ffea6809000 	C:\Users\phorn\AppData\Local\Temp\jna-106642931\jna15461529121489903063.dll
0x00007ffece3a0000 - 0x00007ffece3a8000 	C:\WINDOWS\System32\PSAPI.DLL
0x00007ffec3ec0000 - 0x00007ffec3edd000 	C:\WINDOWS\SYSTEM32\dhcpcsvc6.DLL
0x00007ffec4300000 - 0x00007ffec4325000 	C:\WINDOWS\SYSTEM32\dhcpcsvc.DLL

JVMTI agents:
c:\Users\phorn\.antigravity\extensions\redhat.java-1.54.0-win32-x64\lombok\lombok-1.18.39-4050.jar path:c:\Users\phorn\.antigravity\extensions\redhat.java-1.54.0-win32-x64\jre\21.0.10-win32-x86_64\bin\instrument.dll, loaded, initialized, instrumentlib options:none

dbghelp: loaded successfully - version: 4.0.5 - missing functions: none
symbol engine: initialized successfully - sym options: 0x614 - pdb path: .;c:\Users\phorn\.antigravity\extensions\redhat.java-1.54.0-win32-x64\jre\21.0.10-win32-x86_64\bin;C:\WINDOWS\SYSTEM32;C:\WINDOWS\WinSxS\amd64_microsoft.windows.common-controls_6595b64144ccf1df_6.0.26100.8115_none_3e075c82e3354f9c;c:\Users\phorn\.antigravity\extensions\redhat.java-1.54.0-win32-x64\jre\21.0.10-win32-x86_64\bin\server;C:\Users\phorn\AppData\Roaming\Antigravity\User\globalStorage\redhat.java\1.54.0\config_win\org.eclipse.equinox.launcher\org.eclipse.equinox.launcher.win32.win32.x86_64_1.3.0.v20260203-2149;C:\Users\phorn\AppData\Local\Temp\jna-106642931

VM Arguments:
jvm_args: --add-modules=ALL-SYSTEM --add-opens=java.base/java.util=ALL-UNNAMED --add-opens=java.base/java.lang=ALL-UNNAMED --add-opens=java.base/sun.nio.fs=ALL-UNNAMED -Declipse.application=org.eclipse.jdt.ls.core.id1 -Dosgi.bundles.defaultStartLevel=4 -Declipse.product=org.eclipse.jdt.ls.core.product -Djava.import.generatesMetadataFilesAtProjectRoot=false -DDetectVMInstallationsJob.disabled=true -Dfile.encoding=utf8 -XX:+UseParallelGC -XX:GCTimeRatio=4 -XX:AdaptiveSizePolicyWeight=90 -Dsun.zip.disableMemoryMapping=true -Xmx2G -Xms100m -Xlog:disable -javaagent:c:\Users\phorn\.antigravity\extensions\redhat.java-1.54.0-win32-x64\lombok\lombok-1.18.39-4050.jar -XX:+HeapDumpOnOutOfMemoryError -XX:HeapDumpPath=c:\Users\phorn\AppData\Roaming\Antigravity\User\workspaceStorage\82b5203c98c2ab011bc66b0743aa71dd\redhat.java -Daether.dependencyCollector.impl=bf 
java_command: c:\Users\phorn\.antigravity\extensions\redhat.java-1.54.0-win32-x64\server\plugins\org.eclipse.equinox.launcher_1.7.100.v20251111-0406.jar -configuration c:\Users\phorn\AppData\Roaming\Antigravity\User\globalStorage\redhat.java\1.54.0\config_win -data c:\Users\phorn\AppData\Roaming\Antigravity\User\workspaceStorage\82b5203c98c2ab011bc66b0743aa71dd\redhat.java\jdt_ws --pipe=\\.\pipe\lsp-92e7181681d0d9e7dfc5a341a5580c2d-sock
java_class_path (initial): c:\Users\phorn\.antigravity\extensions\redhat.java-1.54.0-win32-x64\server\plugins\org.eclipse.equinox.launcher_1.7.100.v20251111-0406.jar
Launcher Type: SUN_STANDARD

[Global flags]
    uintx AdaptiveSizePolicyWeight                 = 90                                        {product} {command line}
     intx CICompilerCount                          = 4                                         {product} {ergonomic}
    uintx GCTimeRatio                              = 4                                         {product} {command line}
     bool HeapDumpOnOutOfMemoryError               = true                                   {manageable} {command line}
    ccstr HeapDumpPath                             = c:\Users\phorn\AppData\Roaming\Antigravity\User\workspaceStorage\82b5203c98c2ab011bc66b0743aa71dd\redhat.java         {manageable} {command line}
   size_t InitialHeapSize                          = 104857600                                 {product} {command line}
   size_t MaxHeapSize                              = 2147483648                                {product} {command line}
   size_t MaxNewSize                               = 715653120                                 {product} {ergonomic}
   size_t MinHeapDeltaBytes                        = 524288                                    {product} {ergonomic}
   size_t MinHeapSize                              = 104857600                                 {product} {command line}
   size_t NewSize                                  = 34603008                                  {product} {ergonomic}
    uintx NonNMethodCodeHeapSize                   = 5839372                                {pd product} {ergonomic}
    uintx NonProfiledCodeHeapSize                  = 122909434                              {pd product} {ergonomic}
   size_t OldSize                                  = 70254592                                  {product} {ergonomic}
    uintx ProfiledCodeHeapSize                     = 122909434                              {pd product} {ergonomic}
    uintx ReservedCodeCacheSize                    = 251658240                              {pd product} {ergonomic}
     bool SegmentedCodeCache                       = true                                      {product} {ergonomic}
   size_t SoftMaxHeapSize                          = 2147483648                             {manageable} {ergonomic}
     bool UseCompressedOops                        = true                           {product lp64_product} {ergonomic}
     bool UseLargePagesIndividualAllocation        = false                                  {pd product} {ergonomic}
     bool UseParallelGC                            = true                                      {product} {command line}

Logging:
Log output configuration:
 #0: stdout all=off uptime,level,tags foldmultilines=false
 #1: stderr all=off uptime,level,tags foldmultilines=false

Release file:
JAVA_VERSION="21.0.10" 
MODULES="java.base java.compiler java.datatransfer java.xml java.prefs java.desktop java.instrument java.logging java.management java.security.sasl java.naming java.rmi java.management.rmi java.net.http java.scripting java.security.jgss java.transaction.xa java.sql java.sql.rowset java.xml.crypto java.se java.smartcardio jdk.accessibility jdk.internal.jvmstat jdk.attach jdk.charsets jdk.internal.opt jdk.zipfs jdk.compiler jdk.crypto.ec jdk.crypto.cryptoki jdk.crypto.mscapi jdk.dynalink jdk.internal.ed jdk.editpad jdk.hotspot.agent jdk.httpserver jdk.internal.le jdk.internal.vm.ci jdk.internal.vm.compiler jdk.internal.vm.compiler.management jdk.jartool jdk.javadoc jdk.jcmd jdk.management jdk.management.agent jdk.jconsole jdk.jdeps jdk.jdwp.agent jdk.jdi jdk.jfr jdk.jshell jdk.jsobject jdk.jstatd jdk.localedata jdk.management.jfr jdk.naming.dns jdk.naming.rmi jdk.net jdk.nio.mapmode jdk.random jdk.sctp jdk.security.auth jdk.security.jgss jdk.unsupported jdk.unsupported.desktop jdk.xml.dom" 

Environment Variables:
PATH=C:\Program Files\Common Files\Oracle\Java\javapath;C:\WINDOWS\system32;C:\WINDOWS;C:\WINDOWS\System32\Wbem;C:\WINDOWS\System32\WindowsPowerShell\v1.0\;C:\WINDOWS\System32\OpenSSH\;C:\Program Files\nodejs\;C:\Program Files\Docker\Docker\resources\bin;C:\Program Files\Git\cmd;C:\ffmpeg\ffmpeg-2026-04-06-git-7fd2be97b9-essentials_build\bin;C:\Users\phorn\AppData\Local\Python\pythoncore-3.14-64\Scripts;C:\Users\phorn\.local\bin;C:\Users\phorn\AppData\Local\Programs\Python\Launcher\;C:\Users\phorn\AppData\Local\Microsoft\WindowsApps;C:\Program Files\JetBrains\IntelliJ IDEA 2026.1\bin;C:\Program Files\JetBrains\WebStorm 2026.1\bin;C:\Users\phorn\AppData\Roaming\npm;C:\Users\phorn\AppData\Local\Python\bin;C:\Users\phorn\AppData\Local\Programs\Microsoft VS Code\bin;C:\Users\phorn\AppData\Local\Programs\Antigravity\bin
USERNAME=phorn
OS=Windows_NT
PROCESSOR_IDENTIFIER=Intel64 Family 6 Model 142 Stepping 12, GenuineIntel
TMP=C:\Users\phorn\AppData\Local\Temp
TEMP=C:\Users\phorn\AppData\Local\Temp




Periodic native trim disabled

---------------  S Y S T E M  ---------------

OS:
 Windows 11 , 64 bit Build 26100 (10.0.26100.8246)
OS uptime: 0 days 4:33 hours
Hyper-V role detected

CPU: total 8 (initial active 8) (4 cores per cpu, 2 threads per core) family 6 model 142 stepping 12 microcode 0xfe, cx8, cmov, fxsr, ht, mmx, 3dnowpref, sse, sse2, sse3, ssse3, sse4.1, sse4.2, popcnt, lzcnt, tsc, tscinvbit, avx, avx2, aes, erms, clmul, bmi1, bmi2, adx, fma, vzeroupper, clflush, clflushopt, hv, rdtscp, f16c
Processor Information for the first 8 processors :
  Max Mhz: 1800, Current Mhz: 1600, Mhz Limit: 1584

Memory: 4k page, system-wide physical 8067M (345M free)
TotalPageFile size 23315M (AvailPageFile size 24M)
current process WorkingSet (physical memory assigned to process): 217M, peak: 239M
current process commit charge ("private bytes"): 342M, peak: 351M

vm_info: OpenJDK 64-Bit Server VM (21.0.10+7-LTS) for windows-amd64 JRE (21.0.10+7-LTS), built on 2026-01-20T00:00:00Z by "admin" with MS VC++ 17.12 (VS2022)

END.
